New job published!

*Software Engineer* at *ACME Corp*

• _Job type:_ *Full time*
• _Location:_ *Berlin, Germany* (hybrid)
• _Seniority:_ *Lead*
• _Salary:_ *EUR 90K - 130K / year*
• _Time working on open source:_ *100%*
• _Time working on upstream projects:_ *75%*
• _Required skills:_ *`Golang`* *`Cloud native`* *`Devops`* *`Leadership`* 
 
For more details please see: https://example.com/?job_id=550e8400-e29b-41d4-a716-446655440000